--------------------------------------------------------------------------------
Release 14.5 Trace  (nt64)
Copyright (c) 1995-2012 Xilinx, Inc.  All rights reserved.

C:\Xilinx\14.5\ISE_DS\ISE\bin\nt64\unwrapped\trce.exe -intstyle ise -v 3 -s 3
-n 3 -fastpaths -xml ALU.twx ALU.ncd -o ALU.twr ALU.pcf

Design file:              ALU.ncd
Physical constraint file: ALU.pcf
Device,package,speed:     xc7a100t,csg324,C,-3 (PRODUCTION 1.08 2013-03-26)
Report level:             verbose report

Environment Variable      Effect 
--------------------      ------ 
NONE                      No environment variables were set
--------------------------------------------------------------------------------

INFO:Timing:2698 - No timing constraints found, doing default enumeration.
INFO:Timing:3412 - To improve timing, see the Timing Closure User Guide (UG612).
INFO:Timing:2752 - To get complete path coverage, use the unconstrained paths 
   option. All paths that are not constrained will be reported in the 
   unconstrained paths section(s) of the report.
INFO:Timing:3339 - The clock-to-out numbers in this timing report are based on 
   a 50 Ohm transmission line loading model.  For the details of this model, 
   and for more information on accounting for different loading conditions, 
   please see the device datasheet.



Data Sheet report:
-----------------
All values displayed in nanoseconds (ns)

Pad to Pad
---------------+---------------+---------+
Source Pad     |Destination Pad|  Delay  |
---------------+---------------+---------+
aluop<0>       |dataout<0>     |    8.285|
aluop<0>       |dataout<1>     |    7.248|
aluop<0>       |dataout<2>     |    7.624|
aluop<0>       |dataout<3>     |    7.913|
aluop<0>       |dataout<4>     |    7.341|
aluop<0>       |dataout<5>     |    7.836|
aluop<0>       |dataout<6>     |    7.966|
aluop<0>       |dataout<7>     |    7.841|
aluop<0>       |dataout<8>     |    7.544|
aluop<0>       |dataout<9>     |    7.790|
aluop<0>       |dataout<10>    |    7.558|
aluop<0>       |dataout<11>    |    7.701|
aluop<0>       |dataout<12>    |    8.340|
aluop<0>       |dataout<13>    |    7.789|
aluop<0>       |dataout<14>    |    7.729|
aluop<0>       |dataout<15>    |    7.788|
aluop<0>       |dataout<16>    |    8.131|
aluop<0>       |dataout<17>    |    7.837|
aluop<0>       |dataout<18>    |    7.834|
aluop<0>       |dataout<19>    |    7.881|
aluop<0>       |dataout<20>    |    8.668|
aluop<0>       |dataout<21>    |    8.327|
aluop<0>       |dataout<22>    |    8.079|
aluop<0>       |dataout<23>    |    8.867|
aluop<0>       |dataout<24>    |    8.173|
aluop<0>       |dataout<25>    |    8.189|
aluop<0>       |dataout<26>    |    8.365|
aluop<0>       |dataout<27>    |    8.847|
aluop<0>       |dataout<28>    |    8.347|
aluop<0>       |dataout<29>    |    8.380|
aluop<0>       |dataout<30>    |    8.161|
aluop<0>       |dataout<31>    |    8.488|
aluop<0>       |zflag          |   11.125|
aluop<1>       |dataout<0>     |    8.288|
aluop<1>       |dataout<1>     |    7.836|
aluop<1>       |dataout<2>     |    7.678|
aluop<1>       |dataout<3>     |    7.969|
aluop<1>       |dataout<4>     |    7.818|
aluop<1>       |dataout<5>     |    8.004|
aluop<1>       |dataout<6>     |    8.055|
aluop<1>       |dataout<7>     |    7.768|
aluop<1>       |dataout<8>     |    8.067|
aluop<1>       |dataout<9>     |    8.151|
aluop<1>       |dataout<10>    |    7.671|
aluop<1>       |dataout<11>    |    7.823|
aluop<1>       |dataout<12>    |    8.867|
aluop<1>       |dataout<13>    |    8.496|
aluop<1>       |dataout<14>    |    7.893|
aluop<1>       |dataout<15>    |    8.748|
aluop<1>       |dataout<16>    |    8.664|
aluop<1>       |dataout<17>    |    8.538|
aluop<1>       |dataout<18>    |    8.421|
aluop<1>       |dataout<19>    |    8.595|
aluop<1>       |dataout<20>    |    8.942|
aluop<1>       |dataout<21>    |    9.281|
aluop<1>       |dataout<22>    |    8.607|
aluop<1>       |dataout<23>    |    8.417|
aluop<1>       |dataout<24>    |    8.414|
aluop<1>       |dataout<25>    |    9.012|
aluop<1>       |dataout<26>    |    8.905|
aluop<1>       |dataout<27>    |    9.087|
aluop<1>       |dataout<28>    |    9.015|
aluop<1>       |dataout<29>    |    9.011|
aluop<1>       |dataout<30>    |    8.500|
aluop<1>       |dataout<31>    |    8.489|
aluop<1>       |zflag          |   11.366|
aluop<2>       |dataout<0>     |   11.897|
aluop<2>       |dataout<1>     |   10.363|
aluop<2>       |dataout<2>     |   10.975|
aluop<2>       |dataout<3>     |   11.265|
aluop<2>       |dataout<4>     |   11.014|
aluop<2>       |dataout<5>     |   11.118|
aluop<2>       |dataout<6>     |   11.507|
aluop<2>       |dataout<7>     |   11.184|
aluop<2>       |dataout<8>     |   11.147|
aluop<2>       |dataout<9>     |   11.358|
aluop<2>       |dataout<10>    |   10.707|
aluop<2>       |dataout<11>    |   11.400|
aluop<2>       |dataout<12>    |   11.524|
aluop<2>       |dataout<13>    |   11.517|
aluop<2>       |dataout<14>    |   11.313|
aluop<2>       |dataout<15>    |   11.410|
aluop<2>       |dataout<16>    |   11.671|
aluop<2>       |dataout<17>    |   11.353|
aluop<2>       |dataout<18>    |   11.532|
aluop<2>       |dataout<19>    |   11.463|
aluop<2>       |dataout<20>    |   11.436|
aluop<2>       |dataout<21>    |   11.296|
aluop<2>       |dataout<22>    |   11.809|
aluop<2>       |dataout<23>    |   12.169|
aluop<2>       |dataout<24>    |   11.322|
aluop<2>       |dataout<25>    |   11.882|
aluop<2>       |dataout<26>    |   11.865|
aluop<2>       |dataout<27>    |   12.193|
aluop<2>       |dataout<28>    |   11.999|
aluop<2>       |dataout<29>    |   12.450|
aluop<2>       |dataout<30>    |   12.007|
aluop<2>       |dataout<31>    |   11.914|
aluop<2>       |zflag          |   14.274|
aluop<3>       |dataout<0>     |   12.057|
aluop<3>       |dataout<1>     |    9.292|
aluop<3>       |dataout<2>     |    9.896|
aluop<3>       |dataout<3>     |   10.594|
aluop<3>       |dataout<4>     |   10.448|
aluop<3>       |dataout<5>     |   10.552|
aluop<3>       |dataout<6>     |   11.024|
aluop<3>       |dataout<7>     |   10.692|
aluop<3>       |dataout<8>     |   10.735|
aluop<3>       |dataout<9>     |   10.946|
aluop<3>       |dataout<10>    |   10.393|
aluop<3>       |dataout<11>    |   11.110|
aluop<3>       |dataout<12>    |   11.413|
aluop<3>       |dataout<13>    |   11.406|
aluop<3>       |dataout<14>    |   11.202|
aluop<3>       |dataout<15>    |   11.299|
aluop<3>       |dataout<16>    |   11.560|
aluop<3>       |dataout<17>    |   11.242|
aluop<3>       |dataout<18>    |   11.421|
aluop<3>       |dataout<19>    |   11.352|
aluop<3>       |dataout<20>    |   11.348|
aluop<3>       |dataout<21>    |   11.208|
aluop<3>       |dataout<22>    |   11.883|
aluop<3>       |dataout<23>    |   12.234|
aluop<3>       |dataout<24>    |   11.467|
aluop<3>       |dataout<25>    |   12.027|
aluop<3>       |dataout<26>    |   12.010|
aluop<3>       |dataout<27>    |   12.338|
aluop<3>       |dataout<28>    |   12.144|
aluop<3>       |dataout<29>    |   12.595|
aluop<3>       |dataout<30>    |   12.175|
aluop<3>       |dataout<31>    |   12.074|
aluop<3>       |zflag          |   14.419|
data1<0>       |dataout<0>     |   10.709|
data1<0>       |dataout<1>     |    9.515|
data1<0>       |dataout<2>     |    9.919|
data1<0>       |dataout<3>     |   10.149|
data1<0>       |dataout<4>     |    9.826|
data1<0>       |dataout<5>     |    9.930|
data1<0>       |dataout<6>     |   10.319|
data1<0>       |dataout<7>     |    9.996|
data1<0>       |dataout<8>     |    9.959|
data1<0>       |dataout<9>     |   10.170|
data1<0>       |dataout<10>    |    9.519|
data1<0>       |dataout<11>    |   10.212|
data1<0>       |dataout<12>    |   10.336|
data1<0>       |dataout<13>    |   10.329|
data1<0>       |dataout<14>    |   10.125|
data1<0>       |dataout<15>    |   10.222|
data1<0>       |dataout<16>    |   10.483|
data1<0>       |dataout<17>    |   10.165|
data1<0>       |dataout<18>    |   10.344|
data1<0>       |dataout<19>    |   10.275|
data1<0>       |dataout<20>    |   10.248|
data1<0>       |dataout<21>    |   10.108|
data1<0>       |dataout<22>    |   10.621|
data1<0>       |dataout<23>    |   10.981|
data1<0>       |dataout<24>    |   10.134|
data1<0>       |dataout<25>    |   10.694|
data1<0>       |dataout<26>    |   10.677|
data1<0>       |dataout<27>    |   11.005|
data1<0>       |dataout<28>    |   10.811|
data1<0>       |dataout<29>    |   11.262|
data1<0>       |dataout<30>    |   10.819|
data1<0>       |dataout<31>    |   10.726|
data1<0>       |zflag          |   13.086|
data1<1>       |dataout<0>     |   10.731|
data1<1>       |dataout<1>     |    9.205|
data1<1>       |dataout<2>     |    9.809|
data1<1>       |dataout<3>     |   10.099|
data1<1>       |dataout<4>     |    9.848|
data1<1>       |dataout<5>     |    9.952|
data1<1>       |dataout<6>     |   10.341|
data1<1>       |dataout<7>     |   10.018|
data1<1>       |dataout<8>     |    9.981|
data1<1>       |dataout<9>     |   10.192|
data1<1>       |dataout<10>    |    9.541|
data1<1>       |dataout<11>    |   10.234|
data1<1>       |dataout<12>    |   10.358|
data1<1>       |dataout<13>    |   10.351|
data1<1>       |dataout<14>    |   10.147|
data1<1>       |dataout<15>    |   10.244|
data1<1>       |dataout<16>    |   10.505|
data1<1>       |dataout<17>    |   10.187|
data1<1>       |dataout<18>    |   10.366|
data1<1>       |dataout<19>    |   10.297|
data1<1>       |dataout<20>    |   10.270|
data1<1>       |dataout<21>    |   10.130|
data1<1>       |dataout<22>    |   10.643|
data1<1>       |dataout<23>    |   11.003|
data1<1>       |dataout<24>    |   10.156|
data1<1>       |dataout<25>    |   10.716|
data1<1>       |dataout<26>    |   10.699|
data1<1>       |dataout<27>    |   11.027|
data1<1>       |dataout<28>    |   10.833|
data1<1>       |dataout<29>    |   11.284|
data1<1>       |dataout<30>    |   10.841|
data1<1>       |dataout<31>    |   10.748|
data1<1>       |zflag          |   13.108|
data1<2>       |dataout<0>     |   11.185|
data1<2>       |dataout<2>     |    9.512|
data1<2>       |dataout<3>     |   10.448|
data1<2>       |dataout<4>     |   10.302|
data1<2>       |dataout<5>     |   10.406|
data1<2>       |dataout<6>     |   10.795|
data1<2>       |dataout<7>     |   10.472|
data1<2>       |dataout<8>     |   10.435|
data1<2>       |dataout<9>     |   10.646|
data1<2>       |dataout<10>    |    9.995|
data1<2>       |dataout<11>    |   10.688|
data1<2>       |dataout<12>    |   10.812|
data1<2>       |dataout<13>    |   10.805|
data1<2>       |dataout<14>    |   10.601|
data1<2>       |dataout<15>    |   10.698|
data1<2>       |dataout<16>    |   10.959|
data1<2>       |dataout<17>    |   10.641|
data1<2>       |dataout<18>    |   10.820|
data1<2>       |dataout<19>    |   10.751|
data1<2>       |dataout<20>    |   10.724|
data1<2>       |dataout<21>    |   10.584|
data1<2>       |dataout<22>    |   11.097|
data1<2>       |dataout<23>    |   11.457|
data1<2>       |dataout<24>    |   10.610|
data1<2>       |dataout<25>    |   11.170|
data1<2>       |dataout<26>    |   11.153|
data1<2>       |dataout<27>    |   11.481|
data1<2>       |dataout<28>    |   11.287|
data1<2>       |dataout<29>    |   11.738|
data1<2>       |dataout<30>    |   11.295|
data1<2>       |dataout<31>    |   11.202|
data1<2>       |zflag          |   13.562|
data1<3>       |dataout<0>     |   11.145|
data1<3>       |dataout<3>     |    9.543|
data1<3>       |dataout<4>     |    9.984|
data1<3>       |dataout<5>     |   10.133|
data1<3>       |dataout<6>     |   10.676|
data1<3>       |dataout<7>     |   10.344|
data1<3>       |dataout<8>     |   10.395|
data1<3>       |dataout<9>     |   10.606|
data1<3>       |dataout<10>    |    9.955|
data1<3>       |dataout<11>    |   10.648|
data1<3>       |dataout<12>    |   10.772|
data1<3>       |dataout<13>    |   10.765|
data1<3>       |dataout<14>    |   10.561|
data1<3>       |dataout<15>    |   10.658|
data1<3>       |dataout<16>    |   10.919|
data1<3>       |dataout<17>    |   10.601|
data1<3>       |dataout<18>    |   10.780|
data1<3>       |dataout<19>    |   10.711|
data1<3>       |dataout<20>    |   10.684|
data1<3>       |dataout<21>    |   10.544|
data1<3>       |dataout<22>    |   11.057|
data1<3>       |dataout<23>    |   11.417|
data1<3>       |dataout<24>    |   10.570|
data1<3>       |dataout<25>    |   11.130|
data1<3>       |dataout<26>    |   11.113|
data1<3>       |dataout<27>    |   11.441|
data1<3>       |dataout<28>    |   11.247|
data1<3>       |dataout<29>    |   11.698|
data1<3>       |dataout<30>    |   11.255|
data1<3>       |dataout<31>    |   11.162|
data1<3>       |zflag          |   13.522|
data1<4>       |dataout<0>     |   11.492|
data1<4>       |dataout<4>     |    9.594|
data1<4>       |dataout<5>     |   10.329|
data1<4>       |dataout<6>     |   11.031|
data1<4>       |dataout<7>     |   10.699|
data1<4>       |dataout<8>     |   10.742|
data1<4>       |dataout<9>     |   10.953|
data1<4>       |dataout<10>    |   10.302|
data1<4>       |dataout<11>    |   10.995|
data1<4>       |dataout<12>    |   11.119|
data1<4>       |dataout<13>    |   11.112|
data1<4>       |dataout<14>    |   10.908|
data1<4>       |dataout<15>    |   11.005|
data1<4>       |dataout<16>    |   11.266|
data1<4>       |dataout<17>    |   10.948|
data1<4>       |dataout<18>    |   11.127|
data1<4>       |dataout<19>    |   11.058|
data1<4>       |dataout<20>    |   11.031|
data1<4>       |dataout<21>    |   10.891|
data1<4>       |dataout<22>    |   11.404|
data1<4>       |dataout<23>    |   11.764|
data1<4>       |dataout<24>    |   10.917|
data1<4>       |dataout<25>    |   11.477|
data1<4>       |dataout<26>    |   11.460|
data1<4>       |dataout<27>    |   11.788|
data1<4>       |dataout<28>    |   11.594|
data1<4>       |dataout<29>    |   12.045|
data1<4>       |dataout<30>    |   11.602|
data1<4>       |dataout<31>    |   11.509|
data1<4>       |zflag          |   13.869|
data1<5>       |dataout<0>     |   10.864|
data1<5>       |dataout<5>     |    9.377|
data1<5>       |dataout<6>     |   10.271|
data1<5>       |dataout<7>     |    9.999|
data1<5>       |dataout<8>     |   10.114|
data1<5>       |dataout<9>     |   10.325|
data1<5>       |dataout<10>    |    9.674|
data1<5>       |dataout<11>    |   10.367|
data1<5>       |dataout<12>    |   10.491|
data1<5>       |dataout<13>    |   10.484|
data1<5>       |dataout<14>    |   10.280|
data1<5>       |dataout<15>    |   10.377|
data1<5>       |dataout<16>    |   10.638|
data1<5>       |dataout<17>    |   10.320|
data1<5>       |dataout<18>    |   10.499|
data1<5>       |dataout<19>    |   10.430|
data1<5>       |dataout<20>    |   10.403|
data1<5>       |dataout<21>    |   10.263|
data1<5>       |dataout<22>    |   10.776|
data1<5>       |dataout<23>    |   11.136|
data1<5>       |dataout<24>    |   10.289|
data1<5>       |dataout<25>    |   10.849|
data1<5>       |dataout<26>    |   10.832|
data1<5>       |dataout<27>    |   11.160|
data1<5>       |dataout<28>    |   10.966|
data1<5>       |dataout<29>    |   11.417|
data1<5>       |dataout<30>    |   10.974|
data1<5>       |dataout<31>    |   10.881|
data1<5>       |zflag          |   13.241|
data1<6>       |dataout<0>     |   10.982|
data1<6>       |dataout<6>     |    9.627|
data1<6>       |dataout<7>     |   10.012|
data1<6>       |dataout<8>     |   10.232|
data1<6>       |dataout<9>     |   10.443|
data1<6>       |dataout<10>    |    9.792|
data1<6>       |dataout<11>    |   10.485|
data1<6>       |dataout<12>    |   10.609|
data1<6>       |dataout<13>    |   10.602|
data1<6>       |dataout<14>    |   10.398|
data1<6>       |dataout<15>    |   10.495|
data1<6>       |dataout<16>    |   10.756|
data1<6>       |dataout<17>    |   10.438|
data1<6>       |dataout<18>    |   10.617|
data1<6>       |dataout<19>    |   10.548|
data1<6>       |dataout<20>    |   10.521|
data1<6>       |dataout<21>    |   10.381|
data1<6>       |dataout<22>    |   10.894|
data1<6>       |dataout<23>    |   11.254|
data1<6>       |dataout<24>    |   10.407|
data1<6>       |dataout<25>    |   10.967|
data1<6>       |dataout<26>    |   10.950|
data1<6>       |dataout<27>    |   11.278|
data1<6>       |dataout<28>    |   11.084|
data1<6>       |dataout<29>    |   11.535|
data1<6>       |dataout<30>    |   11.092|
data1<6>       |dataout<31>    |   10.999|
data1<6>       |zflag          |   13.359|
data1<7>       |dataout<0>     |   10.782|
data1<7>       |dataout<7>     |    9.142|
data1<7>       |dataout<8>     |    9.754|
data1<7>       |dataout<9>     |   10.010|
data1<7>       |dataout<10>    |    9.513|
data1<7>       |dataout<11>    |   10.197|
data1<7>       |dataout<12>    |   10.409|
data1<7>       |dataout<13>    |   10.402|
data1<7>       |dataout<14>    |   10.198|
data1<7>       |dataout<15>    |   10.295|
data1<7>       |dataout<16>    |   10.556|
data1<7>       |dataout<17>    |   10.238|
data1<7>       |dataout<18>    |   10.417|
data1<7>       |dataout<19>    |   10.348|
data1<7>       |dataout<20>    |   10.321|
data1<7>       |dataout<21>    |   10.181|
data1<7>       |dataout<22>    |   10.694|
data1<7>       |dataout<23>    |   11.054|
data1<7>       |dataout<24>    |   10.207|
data1<7>       |dataout<25>    |   10.767|
data1<7>       |dataout<26>    |   10.750|
data1<7>       |dataout<27>    |   11.078|
data1<7>       |dataout<28>    |   10.884|
data1<7>       |dataout<29>    |   11.335|
data1<7>       |dataout<30>    |   10.892|
data1<7>       |dataout<31>    |   10.799|
data1<7>       |zflag          |   13.159|
data1<8>       |dataout<0>     |   10.914|
data1<8>       |dataout<8>     |    9.157|
data1<8>       |dataout<9>     |    9.991|
data1<8>       |dataout<10>    |    9.653|
data1<8>       |dataout<11>    |   10.337|
data1<8>       |dataout<12>    |   10.541|
data1<8>       |dataout<13>    |   10.534|
data1<8>       |dataout<14>    |   10.330|
data1<8>       |dataout<15>    |   10.427|
data1<8>       |dataout<16>    |   10.688|
data1<8>       |dataout<17>    |   10.370|
data1<8>       |dataout<18>    |   10.549|
data1<8>       |dataout<19>    |   10.480|
data1<8>       |dataout<20>    |   10.453|
data1<8>       |dataout<21>    |   10.313|
data1<8>       |dataout<22>    |   10.826|
data1<8>       |dataout<23>    |   11.186|
data1<8>       |dataout<24>    |   10.339|
data1<8>       |dataout<25>    |   10.899|
data1<8>       |dataout<26>    |   10.882|
data1<8>       |dataout<27>    |   11.210|
data1<8>       |dataout<28>    |   11.016|
data1<8>       |dataout<29>    |   11.467|
data1<8>       |dataout<30>    |   11.024|
data1<8>       |dataout<31>    |   10.931|
data1<8>       |zflag          |   13.291|
data1<9>       |dataout<0>     |   11.198|
data1<9>       |dataout<9>     |    9.519|
data1<9>       |dataout<10>    |    9.805|
data1<9>       |dataout<11>    |   10.522|
data1<9>       |dataout<12>    |   10.825|
data1<9>       |dataout<13>    |   10.818|
data1<9>       |dataout<14>    |   10.614|
data1<9>       |dataout<15>    |   10.711|
data1<9>       |dataout<16>    |   10.972|
data1<9>       |dataout<17>    |   10.654|
data1<9>       |dataout<18>    |   10.833|
data1<9>       |dataout<19>    |   10.764|
data1<9>       |dataout<20>    |   10.737|
data1<9>       |dataout<21>    |   10.597|
data1<9>       |dataout<22>    |   11.110|
data1<9>       |dataout<23>    |   11.470|
data1<9>       |dataout<24>    |   10.623|
data1<9>       |dataout<25>    |   11.183|
data1<9>       |dataout<26>    |   11.166|
data1<9>       |dataout<27>    |   11.494|
data1<9>       |dataout<28>    |   11.300|
data1<9>       |dataout<29>    |   11.751|
data1<9>       |dataout<30>    |   11.308|
data1<9>       |dataout<31>    |   11.215|
data1<9>       |zflag          |   13.575|
data1<10>      |dataout<0>     |   11.386|
data1<10>      |dataout<10>    |    9.230|
data1<10>      |dataout<11>    |   10.632|
data1<10>      |dataout<12>    |   11.013|
data1<10>      |dataout<13>    |   11.006|
data1<10>      |dataout<14>    |   10.802|
data1<10>      |dataout<15>    |   10.899|
data1<10>      |dataout<16>    |   11.160|
data1<10>      |dataout<17>    |   10.842|
data1<10>      |dataout<18>    |   11.021|
data1<10>      |dataout<19>    |   10.952|
data1<10>      |dataout<20>    |   10.925|
data1<10>      |dataout<21>    |   10.785|
data1<10>      |dataout<22>    |   11.298|
data1<10>      |dataout<23>    |   11.658|
data1<10>      |dataout<24>    |   10.811|
data1<10>      |dataout<25>    |   11.371|
data1<10>      |dataout<26>    |   11.354|
data1<10>      |dataout<27>    |   11.682|
data1<10>      |dataout<28>    |   11.488|
data1<10>      |dataout<29>    |   11.939|
data1<10>      |dataout<30>    |   11.496|
data1<10>      |dataout<31>    |   11.403|
data1<10>      |zflag          |   13.763|
data1<11>      |dataout<0>     |   11.074|
data1<11>      |dataout<11>    |    9.459|
data1<11>      |dataout<12>    |   10.423|
data1<11>      |dataout<13>    |   10.461|
data1<11>      |dataout<14>    |   10.411|
data1<11>      |dataout<15>    |   10.499|
data1<11>      |dataout<16>    |   10.848|
data1<11>      |dataout<17>    |   10.530|
data1<11>      |dataout<18>    |   10.709|
data1<11>      |dataout<19>    |   10.640|
data1<11>      |dataout<20>    |   10.613|
data1<11>      |dataout<21>    |   10.473|
data1<11>      |dataout<22>    |   10.986|
data1<11>      |dataout<23>    |   11.346|
data1<11>      |dataout<24>    |   10.499|
data1<11>      |dataout<25>    |   11.059|
data1<11>      |dataout<26>    |   11.042|
data1<11>      |dataout<27>    |   11.370|
data1<11>      |dataout<28>    |   11.176|
data1<11>      |dataout<29>    |   11.627|
data1<11>      |dataout<30>    |   11.184|
data1<11>      |dataout<31>    |   11.091|
data1<11>      |zflag          |   13.451|
data1<12>      |dataout<0>     |   10.722|
data1<12>      |dataout<12>    |    9.287|
data1<12>      |dataout<13>    |    9.958|
data1<12>      |dataout<14>    |   10.067|
data1<12>      |dataout<15>    |   10.155|
data1<12>      |dataout<16>    |   10.496|
data1<12>      |dataout<17>    |   10.178|
data1<12>      |dataout<18>    |   10.357|
data1<12>      |dataout<19>    |   10.288|
data1<12>      |dataout<20>    |   10.261|
data1<12>      |dataout<21>    |   10.121|
data1<12>      |dataout<22>    |   10.634|
data1<12>      |dataout<23>    |   10.994|
data1<12>      |dataout<24>    |   10.147|
data1<12>      |dataout<25>    |   10.707|
data1<12>      |dataout<26>    |   10.690|
data1<12>      |dataout<27>    |   11.018|
data1<12>      |dataout<28>    |   10.824|
data1<12>      |dataout<29>    |   11.275|
data1<12>      |dataout<30>    |   10.832|
data1<12>      |dataout<31>    |   10.739|
data1<12>      |zflag          |   13.099|
data1<13>      |dataout<0>     |   10.452|
data1<13>      |dataout<13>    |    9.348|
data1<13>      |dataout<14>    |    9.665|
data1<13>      |dataout<15>    |    9.813|
data1<13>      |dataout<16>    |   10.226|
data1<13>      |dataout<17>    |    9.908|
data1<13>      |dataout<18>    |   10.087|
data1<13>      |dataout<19>    |   10.018|
data1<13>      |dataout<20>    |    9.991|
data1<13>      |dataout<21>    |    9.851|
data1<13>      |dataout<22>    |   10.364|
data1<13>      |dataout<23>    |   10.724|
data1<13>      |dataout<24>    |    9.877|
data1<13>      |dataout<25>    |   10.437|
data1<13>      |dataout<26>    |   10.420|
data1<13>      |dataout<27>    |   10.748|
data1<13>      |dataout<28>    |   10.554|
data1<13>      |dataout<29>    |   11.005|
data1<13>      |dataout<30>    |   10.562|
data1<13>      |dataout<31>    |   10.469|
data1<13>      |zflag          |   12.829|
data1<14>      |dataout<0>     |   10.869|
data1<14>      |dataout<14>    |    9.322|
data1<14>      |dataout<15>    |   10.125|
data1<14>      |dataout<16>    |   10.643|
data1<14>      |dataout<17>    |   10.325|
data1<14>      |dataout<18>    |   10.504|
data1<14>      |dataout<19>    |   10.435|
data1<14>      |dataout<20>    |   10.408|
data1<14>      |dataout<21>    |   10.268|
data1<14>      |dataout<22>    |   10.781|
data1<14>      |dataout<23>    |   11.141|
data1<14>      |dataout<24>    |   10.294|
data1<14>      |dataout<25>    |   10.854|
data1<14>      |dataout<26>    |   10.837|
data1<14>      |dataout<27>    |   11.165|
data1<14>      |dataout<28>    |   10.971|
data1<14>      |dataout<29>    |   11.422|
data1<14>      |dataout<30>    |   10.979|
data1<14>      |dataout<31>    |   10.886|
data1<14>      |zflag          |   13.246|
data1<15>      |dataout<0>     |   11.078|
data1<15>      |dataout<15>    |    9.476|
data1<15>      |dataout<16>    |   10.574|
data1<15>      |dataout<17>    |   10.301|
data1<15>      |dataout<18>    |   10.634|
data1<15>      |dataout<19>    |   10.556|
data1<15>      |dataout<20>    |   10.617|
data1<15>      |dataout<21>    |   10.477|
data1<15>      |dataout<22>    |   10.990|
data1<15>      |dataout<23>    |   11.350|
data1<15>      |dataout<24>    |   10.503|
data1<15>      |dataout<25>    |   11.063|
data1<15>      |dataout<26>    |   11.046|
data1<15>      |dataout<27>    |   11.374|
data1<15>      |dataout<28>    |   11.180|
data1<15>      |dataout<29>    |   11.631|
data1<15>      |dataout<30>    |   11.188|
data1<15>      |dataout<31>    |   11.095|
data1<15>      |zflag          |   13.455|
data1<16>      |dataout<0>     |   10.852|
data1<16>      |dataout<16>    |    9.623|
data1<16>      |dataout<17>    |    9.924|
data1<16>      |dataout<18>    |   10.416|
data1<16>      |dataout<19>    |   10.338|
data1<16>      |dataout<20>    |   10.391|
data1<16>      |dataout<21>    |   10.251|
data1<16>      |dataout<22>    |   10.764|
data1<16>      |dataout<23>    |   11.124|
data1<16>      |dataout<24>    |   10.277|
data1<16>      |dataout<25>    |   10.837|
data1<16>      |dataout<26>    |   10.820|
data1<16>      |dataout<27>    |   11.148|
data1<16>      |dataout<28>    |   10.954|
data1<16>      |dataout<29>    |   11.405|
data1<16>      |dataout<30>    |   10.962|
data1<16>      |dataout<31>    |   10.869|
data1<16>      |zflag          |   13.229|
data1<17>      |dataout<0>     |   11.027|
data1<17>      |dataout<17>    |    9.775|
data1<17>      |dataout<18>    |   10.459|
data1<17>      |dataout<19>    |   10.441|
data1<17>      |dataout<20>    |   10.566|
data1<17>      |dataout<21>    |   10.426|
data1<17>      |dataout<22>    |   10.939|
data1<17>      |dataout<23>    |   11.299|
data1<17>      |dataout<24>    |   10.452|
data1<17>      |dataout<25>    |   11.012|
data1<17>      |dataout<26>    |   10.995|
data1<17>      |dataout<27>    |   11.323|
data1<17>      |dataout<28>    |   11.129|
data1<17>      |dataout<29>    |   11.580|
data1<17>      |dataout<30>    |   11.137|
data1<17>      |dataout<31>    |   11.044|
data1<17>      |zflag          |   13.404|
data1<18>      |dataout<0>     |   10.828|
data1<18>      |dataout<18>    |    9.498|
data1<18>      |dataout<19>    |   10.137|
data1<18>      |dataout<20>    |   10.367|
data1<18>      |dataout<21>    |   10.227|
data1<18>      |dataout<22>    |   10.740|
data1<18>      |dataout<23>    |   11.100|
data1<18>      |dataout<24>    |   10.253|
data1<18>      |dataout<25>    |   10.813|
data1<18>      |dataout<26>    |   10.796|
data1<18>      |dataout<27>    |   11.124|
data1<18>      |dataout<28>    |   10.930|
data1<18>      |dataout<29>    |   11.381|
data1<18>      |dataout<30>    |   10.938|
data1<18>      |dataout<31>    |   10.845|
data1<18>      |zflag          |   13.205|
data1<19>      |dataout<0>     |   10.655|
data1<19>      |dataout<19>    |    9.256|
data1<19>      |dataout<20>    |    9.916|
data1<19>      |dataout<21>    |    9.821|
data1<19>      |dataout<22>    |   10.488|
data1<19>      |dataout<23>    |   10.839|
data1<19>      |dataout<24>    |   10.080|
data1<19>      |dataout<25>    |   10.640|
data1<19>      |dataout<26>    |   10.623|
data1<19>      |dataout<27>    |   10.951|
data1<19>      |dataout<28>    |   10.757|
data1<19>      |dataout<29>    |   11.208|
data1<19>      |dataout<30>    |   10.765|
data1<19>      |dataout<31>    |   10.672|
data1<19>      |zflag          |   13.032|
data1<20>      |dataout<0>     |   10.667|
data1<20>      |dataout<20>    |    9.351|
data1<20>      |dataout<21>    |    9.682|
data1<20>      |dataout<22>    |   10.508|
data1<20>      |dataout<23>    |   10.859|
data1<20>      |dataout<24>    |   10.092|
data1<20>      |dataout<25>    |   10.652|
data1<20>      |dataout<26>    |   10.635|
data1<20>      |dataout<27>    |   10.963|
data1<20>      |dataout<28>    |   10.769|
data1<20>      |dataout<29>    |   11.220|
data1<20>      |dataout<30>    |   10.777|
data1<20>      |dataout<31>    |   10.684|
data1<20>      |zflag          |   13.044|
data1<21>      |dataout<0>     |   10.367|
data1<21>      |dataout<21>    |    9.042|
data1<21>      |dataout<22>    |   10.076|
data1<21>      |dataout<23>    |   10.487|
data1<21>      |dataout<24>    |    9.792|
data1<21>      |dataout<25>    |   10.352|
data1<21>      |dataout<26>    |   10.335|
data1<21>      |dataout<27>    |   10.663|
data1<21>      |dataout<28>    |   10.469|
data1<21>      |dataout<29>    |   10.920|
data1<21>      |dataout<30>    |   10.477|
data1<21>      |dataout<31>    |   10.384|
data1<21>      |zflag          |   12.744|
data1<22>      |dataout<0>     |   10.941|
data1<22>      |dataout<22>    |    9.903|
data1<22>      |dataout<23>    |   10.956|
data1<22>      |dataout<24>    |   10.366|
data1<22>      |dataout<25>    |   10.926|
data1<22>      |dataout<26>    |   10.909|
data1<22>      |dataout<27>    |   11.237|
data1<22>      |dataout<28>    |   11.043|
data1<22>      |dataout<29>    |   11.494|
data1<22>      |dataout<30>    |   11.051|
data1<22>      |dataout<31>    |   10.958|
data1<22>      |zflag          |   13.318|
data1<23>      |dataout<0>     |   10.664|
data1<23>      |dataout<23>    |    9.820|
data1<23>      |dataout<24>    |    9.811|
data1<23>      |dataout<25>    |   10.416|
data1<23>      |dataout<26>    |   10.553|
data1<23>      |dataout<27>    |   10.872|
data1<23>      |dataout<28>    |   10.766|
data1<23>      |dataout<29>    |   11.217|
data1<23>      |dataout<30>    |   10.774|
data1<23>      |dataout<31>    |   10.681|
data1<23>      |zflag          |   12.763|
data1<24>      |dataout<0>     |   10.715|
data1<24>      |dataout<24>    |    9.137|
data1<24>      |dataout<25>    |   10.316|
data1<24>      |dataout<26>    |   10.612|
data1<24>      |dataout<27>    |   10.931|
data1<24>      |dataout<28>    |   10.817|
data1<24>      |dataout<29>    |   11.268|
data1<24>      |dataout<30>    |   10.825|
data1<24>      |dataout<31>    |   10.732|
data1<24>      |zflag          |   12.551|
data1<25>      |dataout<0>     |   10.346|
data1<25>      |dataout<25>    |    9.623|
data1<25>      |dataout<26>    |   10.111|
data1<25>      |dataout<27>    |   10.490|
data1<25>      |dataout<28>    |   10.448|
data1<25>      |dataout<29>    |   10.899|
data1<25>      |dataout<30>    |   10.456|
data1<25>      |dataout<31>    |   10.363|
data1<25>      |zflag          |   12.182|
data1<26>      |dataout<0>     |   10.379|
data1<26>      |dataout<26>    |    9.382|
data1<26>      |dataout<27>    |   10.418|
data1<26>      |dataout<28>    |   10.481|
data1<26>      |dataout<29>    |   10.932|
data1<26>      |dataout<30>    |   10.489|
data1<26>      |dataout<31>    |   10.396|
data1<26>      |zflag          |   12.215|
data1<27>      |dataout<0>     |   10.438|
data1<27>      |dataout<27>    |    9.707|
data1<27>      |dataout<28>    |   10.350|
data1<27>      |dataout<29>    |   10.846|
data1<27>      |dataout<30>    |   10.556|
data1<27>      |dataout<31>    |   10.455|
data1<27>      |zflag          |   12.282|
data1<28>      |dataout<0>     |   10.383|
data1<28>      |dataout<28>    |    9.722|
data1<28>      |dataout<29>    |   10.632|
data1<28>      |dataout<30>    |   10.501|
data1<28>      |dataout<31>    |   10.400|
data1<28>      |zflag          |   12.227|
data1<29>      |dataout<0>     |   10.125|
data1<29>      |dataout<29>    |   10.110|
data1<29>      |dataout<30>    |   10.185|
data1<29>      |dataout<31>    |   10.142|
data1<29>      |zflag          |   11.911|
data1<30>      |dataout<0>     |   10.035|
data1<30>      |dataout<30>    |   10.120|
data1<30>      |dataout<31>    |   10.052|
data1<30>      |zflag          |   11.846|
data1<31>      |dataout<0>     |    9.241|
data1<31>      |dataout<31>    |    9.258|
data1<31>      |zflag          |   10.843|
data2<0>       |dataout<0>     |   10.939|
data2<0>       |dataout<1>     |    9.745|
data2<0>       |dataout<2>     |   10.149|
data2<0>       |dataout<3>     |   10.379|
data2<0>       |dataout<4>     |   10.056|
data2<0>       |dataout<5>     |   10.160|
data2<0>       |dataout<6>     |   10.549|
data2<0>       |dataout<7>     |   10.226|
data2<0>       |dataout<8>     |   10.189|
data2<0>       |dataout<9>     |   10.400|
data2<0>       |dataout<10>    |    9.749|
data2<0>       |dataout<11>    |   10.442|
data2<0>       |dataout<12>    |   10.566|
data2<0>       |dataout<13>    |   10.559|
data2<0>       |dataout<14>    |   10.355|
data2<0>       |dataout<15>    |   10.452|
data2<0>       |dataout<16>    |   10.713|
data2<0>       |dataout<17>    |   10.395|
data2<0>       |dataout<18>    |   10.574|
data2<0>       |dataout<19>    |   10.505|
data2<0>       |dataout<20>    |   10.478|
data2<0>       |dataout<21>    |   10.338|
data2<0>       |dataout<22>    |   10.851|
data2<0>       |dataout<23>    |   11.211|
data2<0>       |dataout<24>    |   10.364|
data2<0>       |dataout<25>    |   10.924|
data2<0>       |dataout<26>    |   10.907|
data2<0>       |dataout<27>    |   11.235|
data2<0>       |dataout<28>    |   11.041|
data2<0>       |dataout<29>    |   11.492|
data2<0>       |dataout<30>    |   11.049|
data2<0>       |dataout<31>    |   10.956|
data2<0>       |zflag          |   13.316|
data2<1>       |dataout<0>     |   11.431|
data2<1>       |dataout<1>     |    9.897|
data2<1>       |dataout<2>     |   10.509|
data2<1>       |dataout<3>     |   10.799|
data2<1>       |dataout<4>     |   10.548|
data2<1>       |dataout<5>     |   10.652|
data2<1>       |dataout<6>     |   11.041|
data2<1>       |dataout<7>     |   10.718|
data2<1>       |dataout<8>     |   10.681|
data2<1>       |dataout<9>     |   10.892|
data2<1>       |dataout<10>    |   10.241|
data2<1>       |dataout<11>    |   10.934|
data2<1>       |dataout<12>    |   11.058|
data2<1>       |dataout<13>    |   11.051|
data2<1>       |dataout<14>    |   10.847|
data2<1>       |dataout<15>    |   10.944|
data2<1>       |dataout<16>    |   11.205|
data2<1>       |dataout<17>    |   10.887|
data2<1>       |dataout<18>    |   11.066|
data2<1>       |dataout<19>    |   10.997|
data2<1>       |dataout<20>    |   10.970|
data2<1>       |dataout<21>    |   10.830|
data2<1>       |dataout<22>    |   11.343|
data2<1>       |dataout<23>    |   11.703|
data2<1>       |dataout<24>    |   10.856|
data2<1>       |dataout<25>    |   11.416|
data2<1>       |dataout<26>    |   11.399|
data2<1>       |dataout<27>    |   11.727|
data2<1>       |dataout<28>    |   11.533|
data2<1>       |dataout<29>    |   11.984|
data2<1>       |dataout<30>    |   11.541|
data2<1>       |dataout<31>    |   11.448|
data2<1>       |zflag          |   13.808|
data2<2>       |dataout<0>     |   12.666|
data2<2>       |dataout<2>     |   10.997|
data2<2>       |dataout<3>     |   11.929|
data2<2>       |dataout<4>     |   11.783|
data2<2>       |dataout<5>     |   11.887|
data2<2>       |dataout<6>     |   12.276|
data2<2>       |dataout<7>     |   11.953|
data2<2>       |dataout<8>     |   11.916|
data2<2>       |dataout<9>     |   12.127|
data2<2>       |dataout<10>    |   11.476|
data2<2>       |dataout<11>    |   12.169|
data2<2>       |dataout<12>    |   12.293|
data2<2>       |dataout<13>    |   12.286|
data2<2>       |dataout<14>    |   12.082|
data2<2>       |dataout<15>    |   12.179|
data2<2>       |dataout<16>    |   12.440|
data2<2>       |dataout<17>    |   12.122|
data2<2>       |dataout<18>    |   12.301|
data2<2>       |dataout<19>    |   12.232|
data2<2>       |dataout<20>    |   12.205|
data2<2>       |dataout<21>    |   12.065|
data2<2>       |dataout<22>    |   12.578|
data2<2>       |dataout<23>    |   12.938|
data2<2>       |dataout<24>    |   12.091|
data2<2>       |dataout<25>    |   12.651|
data2<2>       |dataout<26>    |   12.634|
data2<2>       |dataout<27>    |   12.962|
data2<2>       |dataout<28>    |   12.768|
data2<2>       |dataout<29>    |   13.219|
data2<2>       |dataout<30>    |   12.776|
data2<2>       |dataout<31>    |   12.683|
data2<2>       |zflag          |   15.043|
data2<3>       |dataout<0>     |   10.836|
data2<3>       |dataout<3>     |    9.241|
data2<3>       |dataout<4>     |    9.675|
data2<3>       |dataout<5>     |    9.824|
data2<3>       |dataout<6>     |   10.367|
data2<3>       |dataout<7>     |   10.035|
data2<3>       |dataout<8>     |   10.086|
data2<3>       |dataout<9>     |   10.297|
data2<3>       |dataout<10>    |    9.646|
data2<3>       |dataout<11>    |   10.339|
data2<3>       |dataout<12>    |   10.463|
data2<3>       |dataout<13>    |   10.456|
data2<3>       |dataout<14>    |   10.252|
data2<3>       |dataout<15>    |   10.349|
data2<3>       |dataout<16>    |   10.610|
data2<3>       |dataout<17>    |   10.292|
data2<3>       |dataout<18>    |   10.471|
data2<3>       |dataout<19>    |   10.402|
data2<3>       |dataout<20>    |   10.375|
data2<3>       |dataout<21>    |   10.235|
data2<3>       |dataout<22>    |   10.748|
data2<3>       |dataout<23>    |   11.108|
data2<3>       |dataout<24>    |   10.261|
data2<3>       |dataout<25>    |   10.821|
data2<3>       |dataout<26>    |   10.804|
data2<3>       |dataout<27>    |   11.132|
data2<3>       |dataout<28>    |   10.938|
data2<3>       |dataout<29>    |   11.389|
data2<3>       |dataout<30>    |   10.946|
data2<3>       |dataout<31>    |   10.853|
data2<3>       |zflag          |   13.213|
data2<4>       |dataout<0>     |   11.633|
data2<4>       |dataout<4>     |    9.747|
data2<4>       |dataout<5>     |   10.470|
data2<4>       |dataout<6>     |   11.172|
data2<4>       |dataout<7>     |   10.840|
data2<4>       |dataout<8>     |   10.883|
data2<4>       |dataout<9>     |   11.094|
data2<4>       |dataout<10>    |   10.443|
data2<4>       |dataout<11>    |   11.136|
data2<4>       |dataout<12>    |   11.260|
data2<4>       |dataout<13>    |   11.253|
data2<4>       |dataout<14>    |   11.049|
data2<4>       |dataout<15>    |   11.146|
data2<4>       |dataout<16>    |   11.407|
data2<4>       |dataout<17>    |   11.089|
data2<4>       |dataout<18>    |   11.268|
data2<4>       |dataout<19>    |   11.199|
data2<4>       |dataout<20>    |   11.172|
data2<4>       |dataout<21>    |   11.032|
data2<4>       |dataout<22>    |   11.545|
data2<4>       |dataout<23>    |   11.905|
data2<4>       |dataout<24>    |   11.058|
data2<4>       |dataout<25>    |   11.618|
data2<4>       |dataout<26>    |   11.601|
data2<4>       |dataout<27>    |   11.929|
data2<4>       |dataout<28>    |   11.735|
data2<4>       |dataout<29>    |   12.186|
data2<4>       |dataout<30>    |   11.743|
data2<4>       |dataout<31>    |   11.650|
data2<4>       |zflag          |   14.010|
data2<5>       |dataout<0>     |   11.095|
data2<5>       |dataout<5>     |    9.592|
data2<5>       |dataout<6>     |   10.502|
data2<5>       |dataout<7>     |   10.230|
data2<5>       |dataout<8>     |   10.345|
data2<5>       |dataout<9>     |   10.556|
data2<5>       |dataout<10>    |    9.905|
data2<5>       |dataout<11>    |   10.598|
data2<5>       |dataout<12>    |   10.722|
data2<5>       |dataout<13>    |   10.715|
data2<5>       |dataout<14>    |   10.511|
data2<5>       |dataout<15>    |   10.608|
data2<5>       |dataout<16>    |   10.869|
data2<5>       |dataout<17>    |   10.551|
data2<5>       |dataout<18>    |   10.730|
data2<5>       |dataout<19>    |   10.661|
data2<5>       |dataout<20>    |   10.634|
data2<5>       |dataout<21>    |   10.494|
data2<5>       |dataout<22>    |   11.007|
data2<5>       |dataout<23>    |   11.367|
data2<5>       |dataout<24>    |   10.520|
data2<5>       |dataout<25>    |   11.080|
data2<5>       |dataout<26>    |   11.063|
data2<5>       |dataout<27>    |   11.391|
data2<5>       |dataout<28>    |   11.197|
data2<5>       |dataout<29>    |   11.648|
data2<5>       |dataout<30>    |   11.205|
data2<5>       |dataout<31>    |   11.112|
data2<5>       |zflag          |   13.472|
data2<6>       |dataout<0>     |   10.794|
data2<6>       |dataout<6>     |    9.438|
data2<6>       |dataout<7>     |    9.824|
data2<6>       |dataout<8>     |   10.044|
data2<6>       |dataout<9>     |   10.255|
data2<6>       |dataout<10>    |    9.604|
data2<6>       |dataout<11>    |   10.297|
data2<6>       |dataout<12>    |   10.421|
data2<6>       |dataout<13>    |   10.414|
data2<6>       |dataout<14>    |   10.210|
data2<6>       |dataout<15>    |   10.307|
data2<6>       |dataout<16>    |   10.568|
data2<6>       |dataout<17>    |   10.250|
data2<6>       |dataout<18>    |   10.429|
data2<6>       |dataout<19>    |   10.360|
data2<6>       |dataout<20>    |   10.333|
data2<6>       |dataout<21>    |   10.193|
data2<6>       |dataout<22>    |   10.706|
data2<6>       |dataout<23>    |   11.066|
data2<6>       |dataout<24>    |   10.219|
data2<6>       |dataout<25>    |   10.779|
data2<6>       |dataout<26>    |   10.762|
data2<6>       |dataout<27>    |   11.090|
data2<6>       |dataout<28>    |   10.896|
data2<6>       |dataout<29>    |   11.347|
data2<6>       |dataout<30>    |   10.904|
data2<6>       |dataout<31>    |   10.811|
data2<6>       |zflag          |   13.171|
data2<7>       |dataout<0>     |   11.318|
data2<7>       |dataout<7>     |    9.671|
data2<7>       |dataout<8>     |   10.290|
data2<7>       |dataout<9>     |   10.546|
data2<7>       |dataout<10>    |   10.049|
data2<7>       |dataout<11>    |   10.733|
data2<7>       |dataout<12>    |   10.945|
data2<7>       |dataout<13>    |   10.938|
data2<7>       |dataout<14>    |   10.734|
data2<7>       |dataout<15>    |   10.831|
data2<7>       |dataout<16>    |   11.092|
data2<7>       |dataout<17>    |   10.774|
data2<7>       |dataout<18>    |   10.953|
data2<7>       |dataout<19>    |   10.884|
data2<7>       |dataout<20>    |   10.857|
data2<7>       |dataout<21>    |   10.717|
data2<7>       |dataout<22>    |   11.230|
data2<7>       |dataout<23>    |   11.590|
data2<7>       |dataout<24>    |   10.743|
data2<7>       |dataout<25>    |   11.303|
data2<7>       |dataout<26>    |   11.286|
data2<7>       |dataout<27>    |   11.614|
data2<7>       |dataout<28>    |   11.420|
data2<7>       |dataout<29>    |   11.871|
data2<7>       |dataout<30>    |   11.428|
data2<7>       |dataout<31>    |   11.335|
data2<7>       |zflag          |   13.695|
data2<8>       |dataout<0>     |   11.365|
data2<8>       |dataout<8>     |    9.616|
data2<8>       |dataout<9>     |   10.442|
data2<8>       |dataout<10>    |   10.104|
data2<8>       |dataout<11>    |   10.788|
data2<8>       |dataout<12>    |   10.992|
data2<8>       |dataout<13>    |   10.985|
data2<8>       |dataout<14>    |   10.781|
data2<8>       |dataout<15>    |   10.878|
data2<8>       |dataout<16>    |   11.139|
data2<8>       |dataout<17>    |   10.821|
data2<8>       |dataout<18>    |   11.000|
data2<8>       |dataout<19>    |   10.931|
data2<8>       |dataout<20>    |   10.904|
data2<8>       |dataout<21>    |   10.764|
data2<8>       |dataout<22>    |   11.277|
data2<8>       |dataout<23>    |   11.637|
data2<8>       |dataout<24>    |   10.790|
data2<8>       |dataout<25>    |   11.350|
data2<8>       |dataout<26>    |   11.333|
data2<8>       |dataout<27>    |   11.661|
data2<8>       |dataout<28>    |   11.467|
data2<8>       |dataout<29>    |   11.918|
data2<8>       |dataout<30>    |   11.475|
data2<8>       |dataout<31>    |   11.382|
data2<8>       |zflag          |   13.742|
data2<9>       |dataout<0>     |   11.376|
data2<9>       |dataout<9>     |    9.693|
data2<9>       |dataout<10>    |    9.983|
data2<9>       |dataout<11>    |   10.700|
data2<9>       |dataout<12>    |   11.003|
data2<9>       |dataout<13>    |   10.996|
data2<9>       |dataout<14>    |   10.792|
data2<9>       |dataout<15>    |   10.889|
data2<9>       |dataout<16>    |   11.150|
data2<9>       |dataout<17>    |   10.832|
data2<9>       |dataout<18>    |   11.011|
data2<9>       |dataout<19>    |   10.942|
data2<9>       |dataout<20>    |   10.915|
data2<9>       |dataout<21>    |   10.775|
data2<9>       |dataout<22>    |   11.288|
data2<9>       |dataout<23>    |   11.648|
data2<9>       |dataout<24>    |   10.801|
data2<9>       |dataout<25>    |   11.361|
data2<9>       |dataout<26>    |   11.344|
data2<9>       |dataout<27>    |   11.672|
data2<9>       |dataout<28>    |   11.478|
data2<9>       |dataout<29>    |   11.929|
data2<9>       |dataout<30>    |   11.486|
data2<9>       |dataout<31>    |   11.393|
data2<9>       |zflag          |   13.753|
data2<10>      |dataout<0>     |   11.272|
data2<10>      |dataout<10>    |    9.124|
data2<10>      |dataout<11>    |   10.518|
data2<10>      |dataout<12>    |   10.899|
data2<10>      |dataout<13>    |   10.892|
data2<10>      |dataout<14>    |   10.688|
data2<10>      |dataout<15>    |   10.785|
data2<10>      |dataout<16>    |   11.046|
data2<10>      |dataout<17>    |   10.728|
data2<10>      |dataout<18>    |   10.907|
data2<10>      |dataout<19>    |   10.838|
data2<10>      |dataout<20>    |   10.811|
data2<10>      |dataout<21>    |   10.671|
data2<10>      |dataout<22>    |   11.184|
data2<10>      |dataout<23>    |   11.544|
data2<10>      |dataout<24>    |   10.697|
data2<10>      |dataout<25>    |   11.257|
data2<10>      |dataout<26>    |   11.240|
data2<10>      |dataout<27>    |   11.568|
data2<10>      |dataout<28>    |   11.374|
data2<10>      |dataout<29>    |   11.825|
data2<10>      |dataout<30>    |   11.382|
data2<10>      |dataout<31>    |   11.289|
data2<10>      |zflag          |   13.649|
data2<11>      |dataout<0>     |   10.792|
data2<11>      |dataout<11>    |    9.168|
data2<11>      |dataout<12>    |   10.141|
data2<11>      |dataout<13>    |   10.179|
data2<11>      |dataout<14>    |   10.129|
data2<11>      |dataout<15>    |   10.217|
data2<11>      |dataout<16>    |   10.566|
data2<11>      |dataout<17>    |   10.248|
data2<11>      |dataout<18>    |   10.427|
data2<11>      |dataout<19>    |   10.358|
data2<11>      |dataout<20>    |   10.331|
data2<11>      |dataout<21>    |   10.191|
data2<11>      |dataout<22>    |   10.704|
data2<11>      |dataout<23>    |   11.064|
data2<11>      |dataout<24>    |   10.217|
data2<11>      |dataout<25>    |   10.777|
data2<11>      |dataout<26>    |   10.760|
data2<11>      |dataout<27>    |   11.088|
data2<11>      |dataout<28>    |   10.894|
data2<11>      |dataout<29>    |   11.345|
data2<11>      |dataout<30>    |   10.902|
data2<11>      |dataout<31>    |   10.809|
data2<11>      |zflag          |   13.169|
data2<12>      |dataout<0>     |   11.083|
data2<12>      |dataout<12>    |    9.658|
data2<12>      |dataout<13>    |   10.319|
data2<12>      |dataout<14>    |   10.428|
data2<12>      |dataout<15>    |   10.516|
data2<12>      |dataout<16>    |   10.857|
data2<12>      |dataout<17>    |   10.539|
data2<12>      |dataout<18>    |   10.718|
data2<12>      |dataout<19>    |   10.649|
data2<12>      |dataout<20>    |   10.622|
data2<12>      |dataout<21>    |   10.482|
data2<12>      |dataout<22>    |   10.995|
data2<12>      |dataout<23>    |   11.355|
data2<12>      |dataout<24>    |   10.508|
data2<12>      |dataout<25>    |   11.068|
data2<12>      |dataout<26>    |   11.051|
data2<12>      |dataout<27>    |   11.379|
data2<12>      |dataout<28>    |   11.185|
data2<12>      |dataout<29>    |   11.636|
data2<12>      |dataout<30>    |   11.193|
data2<12>      |dataout<31>    |   11.100|
data2<12>      |zflag          |   13.460|
data2<13>      |dataout<0>     |   10.433|
data2<13>      |dataout<13>    |    9.341|
data2<13>      |dataout<14>    |    9.646|
data2<13>      |dataout<15>    |    9.794|
data2<13>      |dataout<16>    |   10.207|
data2<13>      |dataout<17>    |    9.889|
data2<13>      |dataout<18>    |   10.068|
data2<13>      |dataout<19>    |    9.999|
data2<13>      |dataout<20>    |    9.972|
data2<13>      |dataout<21>    |    9.832|
data2<13>      |dataout<22>    |   10.345|
data2<13>      |dataout<23>    |   10.705|
data2<13>      |dataout<24>    |    9.858|
data2<13>      |dataout<25>    |   10.418|
data2<13>      |dataout<26>    |   10.401|
data2<13>      |dataout<27>    |   10.729|
data2<13>      |dataout<28>    |   10.535|
data2<13>      |dataout<29>    |   10.986|
data2<13>      |dataout<30>    |   10.543|
data2<13>      |dataout<31>    |   10.450|
data2<13>      |zflag          |   12.810|
data2<14>      |dataout<0>     |   11.001|
data2<14>      |dataout<14>    |    9.465|
data2<14>      |dataout<15>    |   10.257|
data2<14>      |dataout<16>    |   10.775|
data2<14>      |dataout<17>    |   10.457|
data2<14>      |dataout<18>    |   10.636|
data2<14>      |dataout<19>    |   10.567|
data2<14>      |dataout<20>    |   10.540|
data2<14>      |dataout<21>    |   10.400|
data2<14>      |dataout<22>    |   10.913|
data2<14>      |dataout<23>    |   11.273|
data2<14>      |dataout<24>    |   10.426|
data2<14>      |dataout<25>    |   10.986|
data2<14>      |dataout<26>    |   10.969|
data2<14>      |dataout<27>    |   11.297|
data2<14>      |dataout<28>    |   11.103|
data2<14>      |dataout<29>    |   11.554|
data2<14>      |dataout<30>    |   11.111|
data2<14>      |dataout<31>    |   11.018|
data2<14>      |zflag          |   13.378|
data2<15>      |dataout<0>     |   10.879|
data2<15>      |dataout<15>    |    9.270|
data2<15>      |dataout<16>    |   10.375|
data2<15>      |dataout<17>    |   10.102|
data2<15>      |dataout<18>    |   10.435|
data2<15>      |dataout<19>    |   10.357|
data2<15>      |dataout<20>    |   10.418|
data2<15>      |dataout<21>    |   10.278|
data2<15>      |dataout<22>    |   10.791|
data2<15>      |dataout<23>    |   11.151|
data2<15>      |dataout<24>    |   10.304|
data2<15>      |dataout<25>    |   10.864|
data2<15>      |dataout<26>    |   10.847|
data2<15>      |dataout<27>    |   11.175|
data2<15>      |dataout<28>    |   10.981|
data2<15>      |dataout<29>    |   11.432|
data2<15>      |dataout<30>    |   10.989|
data2<15>      |dataout<31>    |   10.896|
data2<15>      |zflag          |   13.256|
data2<16>      |dataout<0>     |   10.777|
data2<16>      |dataout<16>    |    9.538|
data2<16>      |dataout<17>    |    9.849|
data2<16>      |dataout<18>    |   10.341|
data2<16>      |dataout<19>    |   10.263|
data2<16>      |dataout<20>    |   10.316|
data2<16>      |dataout<21>    |   10.176|
data2<16>      |dataout<22>    |   10.689|
data2<16>      |dataout<23>    |   11.049|
data2<16>      |dataout<24>    |   10.202|
data2<16>      |dataout<25>    |   10.762|
data2<16>      |dataout<26>    |   10.745|
data2<16>      |dataout<27>    |   11.073|
data2<16>      |dataout<28>    |   10.879|
data2<16>      |dataout<29>    |   11.330|
data2<16>      |dataout<30>    |   10.887|
data2<16>      |dataout<31>    |   10.794|
data2<16>      |zflag          |   13.154|
data2<17>      |dataout<0>     |   11.290|
data2<17>      |dataout<17>    |   10.034|
data2<17>      |dataout<18>    |   10.722|
data2<17>      |dataout<19>    |   10.704|
data2<17>      |dataout<20>    |   10.829|
data2<17>      |dataout<21>    |   10.689|
data2<17>      |dataout<22>    |   11.202|
data2<17>      |dataout<23>    |   11.562|
data2<17>      |dataout<24>    |   10.715|
data2<17>      |dataout<25>    |   11.275|
data2<17>      |dataout<26>    |   11.258|
data2<17>      |dataout<27>    |   11.586|
data2<17>      |dataout<28>    |   11.392|
data2<17>      |dataout<29>    |   11.843|
data2<17>      |dataout<30>    |   11.400|
data2<17>      |dataout<31>    |   11.307|
data2<17>      |zflag          |   13.667|
data2<18>      |dataout<0>     |   10.608|
data2<18>      |dataout<18>    |    9.277|
data2<18>      |dataout<19>    |    9.917|
data2<18>      |dataout<20>    |   10.147|
data2<18>      |dataout<21>    |   10.007|
data2<18>      |dataout<22>    |   10.520|
data2<18>      |dataout<23>    |   10.880|
data2<18>      |dataout<24>    |   10.033|
data2<18>      |dataout<25>    |   10.593|
data2<18>      |dataout<26>    |   10.576|
data2<18>      |dataout<27>    |   10.904|
data2<18>      |dataout<28>    |   10.710|
data2<18>      |dataout<29>    |   11.161|
data2<18>      |dataout<30>    |   10.718|
data2<18>      |dataout<31>    |   10.625|
data2<18>      |zflag          |   12.985|
data2<19>      |dataout<0>     |   10.137|
data2<19>      |dataout<19>    |    8.731|
data2<19>      |dataout<20>    |    9.398|
data2<19>      |dataout<21>    |    9.303|
data2<19>      |dataout<22>    |    9.970|
data2<19>      |dataout<23>    |   10.321|
data2<19>      |dataout<24>    |    9.562|
data2<19>      |dataout<25>    |   10.122|
data2<19>      |dataout<26>    |   10.105|
data2<19>      |dataout<27>    |   10.433|
data2<19>      |dataout<28>    |   10.239|
data2<19>      |dataout<29>    |   10.690|
data2<19>      |dataout<30>    |   10.247|
data2<19>      |dataout<31>    |   10.154|
data2<19>      |zflag          |   12.514|
data2<20>      |dataout<0>     |   10.770|
data2<20>      |dataout<20>    |    9.470|
data2<20>      |dataout<21>    |    9.785|
data2<20>      |dataout<22>    |   10.611|
data2<20>      |dataout<23>    |   10.962|
data2<20>      |dataout<24>    |   10.195|
data2<20>      |dataout<25>    |   10.755|
data2<20>      |dataout<26>    |   10.738|
data2<20>      |dataout<27>    |   11.066|
data2<20>      |dataout<28>    |   10.872|
data2<20>      |dataout<29>    |   11.323|
data2<20>      |dataout<30>    |   10.880|
data2<20>      |dataout<31>    |   10.787|
data2<20>      |zflag          |   13.147|
data2<21>      |dataout<0>     |   10.343|
data2<21>      |dataout<21>    |    9.030|
data2<21>      |dataout<22>    |   10.052|
data2<21>      |dataout<23>    |   10.463|
data2<21>      |dataout<24>    |    9.768|
data2<21>      |dataout<25>    |   10.328|
data2<21>      |dataout<26>    |   10.311|
data2<21>      |dataout<27>    |   10.639|
data2<21>      |dataout<28>    |   10.445|
data2<21>      |dataout<29>    |   10.896|
data2<21>      |dataout<30>    |   10.453|
data2<21>      |dataout<31>    |   10.360|
data2<21>      |zflag          |   12.720|
data2<22>      |dataout<0>     |   10.728|
data2<22>      |dataout<22>    |    9.686|
data2<22>      |dataout<23>    |   10.743|
data2<22>      |dataout<24>    |   10.153|
data2<22>      |dataout<25>    |   10.713|
data2<22>      |dataout<26>    |   10.696|
data2<22>      |dataout<27>    |   11.024|
data2<22>      |dataout<28>    |   10.830|
data2<22>      |dataout<29>    |   11.281|
data2<22>      |dataout<30>    |   10.838|
data2<22>      |dataout<31>    |   10.745|
data2<22>      |zflag          |   13.105|
data2<23>      |dataout<0>     |   10.288|
data2<23>      |dataout<23>    |    9.450|
data2<23>      |dataout<24>    |    9.435|
data2<23>      |dataout<25>    |   10.040|
data2<23>      |dataout<26>    |   10.177|
data2<23>      |dataout<27>    |   10.496|
data2<23>      |dataout<28>    |   10.390|
data2<23>      |dataout<29>    |   10.841|
data2<23>      |dataout<30>    |   10.398|
data2<23>      |dataout<31>    |   10.305|
data2<23>      |zflag          |   12.387|
data2<24>      |dataout<0>     |   10.259|
data2<24>      |dataout<24>    |    8.677|
data2<24>      |dataout<25>    |    9.860|
data2<24>      |dataout<26>    |   10.156|
data2<24>      |dataout<27>    |   10.475|
data2<24>      |dataout<28>    |   10.361|
data2<24>      |dataout<29>    |   10.812|
data2<24>      |dataout<30>    |   10.369|
data2<24>      |dataout<31>    |   10.276|
data2<24>      |zflag          |   12.095|
data2<25>      |dataout<0>     |   10.072|
data2<25>      |dataout<25>    |    9.345|
data2<25>      |dataout<26>    |    9.837|
data2<25>      |dataout<27>    |   10.216|
data2<25>      |dataout<28>    |   10.174|
data2<25>      |dataout<29>    |   10.625|
data2<25>      |dataout<30>    |   10.182|
data2<25>      |dataout<31>    |   10.089|
data2<25>      |zflag          |   11.908|
data2<26>      |dataout<0>     |   10.020|
data2<26>      |dataout<26>    |    9.022|
data2<26>      |dataout<27>    |   10.059|
data2<26>      |dataout<28>    |   10.122|
data2<26>      |dataout<29>    |   10.573|
data2<26>      |dataout<30>    |   10.130|
data2<26>      |dataout<31>    |   10.037|
data2<26>      |zflag          |   11.856|
data2<27>      |dataout<0>     |   10.789|
data2<27>      |dataout<27>    |   10.067|
data2<27>      |dataout<28>    |   10.701|
data2<27>      |dataout<29>    |   11.197|
data2<27>      |dataout<30>    |   10.907|
data2<27>      |dataout<31>    |   10.806|
data2<27>      |zflag          |   12.633|
data2<28>      |dataout<0>     |   10.559|
data2<28>      |dataout<28>    |    9.894|
data2<28>      |dataout<29>    |   10.808|
data2<28>      |dataout<30>    |   10.677|
data2<28>      |dataout<31>    |   10.576|
data2<28>      |zflag          |   12.403|
data2<29>      |dataout<0>     |   10.312|
data2<29>      |dataout<29>    |   10.295|
data2<29>      |dataout<30>    |   10.372|
data2<29>      |dataout<31>    |   10.329|
data2<29>      |zflag          |   12.098|
data2<30>      |dataout<0>     |   10.002|
data2<30>      |dataout<30>    |   10.087|
data2<30>      |dataout<31>    |   10.019|
data2<30>      |zflag          |   11.813|
data2<31>      |dataout<0>     |    8.300|
data2<31>      |dataout<31>    |    8.317|
data2<31>      |zflag          |    9.902|
---------------+---------------+---------+


Analysis completed Thu Nov 21 17:45:11 2024 
--------------------------------------------------------------------------------

Trace Settings:
-------------------------
Trace Settings 

Peak Memory Usage: 615 MB



